// Jest Snapshot v1, https://goo.gl/fbAQLP

exports[`renders without crashing while empty 1`] = `null`;

exports[`renders without crashing with a child 1`] = `
<h1>
  Hello World
</h1>
`;

exports[`renders without crashing with multiple children 1`] = `
Array [
  <h1>
    Hello
</h1>,
  <h1>
    World
</h1>,
]
`;
