// Jest Snapshot v1, https://goo.gl/fbAQLP

exports[`renders without crashing while empty 1`] = `
<div>
  Dashboard
</div>
`;

exports[`renders without crashing with a child 1`] = `
<div>
  Dashboard
</div>
`;

exports[`renders without crashing with multiple children 1`] = `
<div>
  Dashboard
</div>
`;
